../Core/Src/main.c:57:6:display7SEG	16	static
../Core/Src/main.c:107:6:update7SEG	16	static
../Core/Src/main.c:137:6:HAL_TIM_PeriodElapsedCallback	16	static
../Core/Src/main.c:143:6:updateClockBuffer	4	static
../Core/Src/main.c:160:6:displayDOT	16	static
../Core/Src/main.c:171:6:clearMatrix	8	static
../Core/Src/main.c:185:6:updateLEDMatrix	16	static
../Core/Src/main.c:233:6:shiftBit	16	static
../Core/Src/main.c:265:5:main	16	static
../Core/Src/main.c:318:6:SystemClock_Config	72	static
../Core/Src/main.c:357:13:MX_TIM2_Init	64	static
../Core/Src/main.c:416:13:MX_GPIO_Init	32	static
../Core/Src/main.c:474:6:Error_Handler	4	static,ignoring_inline_asm
