../Core/Src/main.c:60:6:HAL_TIM_PeriodElapsedCallback	16	static
../Core/Src/main.c:65:6:displayDOT	16	static
../Core/Src/main.c:76:6:clearMatrix	8	static
../Core/Src/main.c:90:6:updateLEDMatrix	16	static
../Core/Src/main.c:138:6:shiftBit	16	static
../Core/Src/main.c:170:5:main	16	static
../Core/Src/main.c:222:6:SystemClock_Config	72	static
../Core/Src/main.c:261:13:MX_TIM2_Init	32	static
../Core/Src/main.c:306:13:MX_GPIO_Init	32	static
../Core/Src/main.c:362:6:Error_Handler	4	static,ignoring_inline_asm
